[debug] [2024-11-28T16:20:21.819Z] ----------------------------------------------------------------------
[debug] [2024-11-28T16:20:21.831Z] Command:       C:\Program Files\nodejs\node.exe C:\Users\Lahiru\AppData\Roaming\npm\node_modules\firebase-tools\lib\bin\firebase.js init emulators
[debug] [2024-11-28T16:20:21.832Z] CLI Version:   13.27.0
[debug] [2024-11-28T16:20:21.832Z] Platform:      win32
[debug] [2024-11-28T16:20:21.833Z] Node Version:  v22.11.0
[debug] [2024-11-28T16:20:21.835Z] Time:          Thu Nov 28 2024 21:50:21 GMT+0530 (India Standard Time)
[debug] [2024-11-28T16:20:21.835Z] ----------------------------------------------------------------------
[debug] 
[debug] [2024-11-28T16:20:21.849Z] > command requires scopes: ["email","openid","https://www.googleapis.com/auth/cloudplatformprojects.readonly","https://www.googleapis.com/auth/firebase","https://www.googleapis.com/auth/cloud-platform"]
[debug] [2024-11-28T16:20:21.849Z] > authorizing via signed-in user (visionplusframes@gmail.com)
[info] 
     ######## #### ########  ######## ########     ###     ######  ########
     ##        ##  ##     ## ##       ##     ##  ##   ##  ##       ##
     ######    ##  ########  ######   ########  #########  ######  ######
     ##        ##  ##    ##  ##       ##     ## ##     ##       ## ##
     ##       #### ##     ## ######## ########  ##     ##  ######  ########

You're about to initialize a Firebase project in this directory:

  C:\Coustomers Projects\vision-plus-frames

Before we get started, keep in mind:

  * You are currently outside your home directory

[info] 
=== Project Setup
[info] 
[info] First, let's associate this project directory with a Firebase project.
[info] You can create multiple project aliases by running firebase use --add, 
[info] but for now we'll just set up a default project.
[info] 
